// Jest Snapshot v1, https://goo.gl/fbAQLP

exports[`renders profile image unchanged 1`] = `
<div>
  <div
    class="relative flex-shrink-0 w-10 h-10 foo bar "
  >
    <img
      alt="Profile Image"
      class="w-10 h-10 bg-contain bg-center rounded-full object-cover "
      data-nimg="1"
      decoding="async"
      height="32"
      loading="lazy"
      src="http://localhost/_next/image?url=%2Ffoo.png&w=64&q=75"
      srcset="/_next/image?url=%2Ffoo.png&w=32&q=75 1x, /_next/image?url=%2Ffoo.png&w=64&q=75 2x"
      style="color: transparent;"
      width="32"
    />
  </div>
</div>
`;

exports[`renders profile image unchanged 2`] = `
<div>
  <div
    class="relative flex-shrink-0 w-10 h-10 foo bar "
  >
    <img
      alt="Profile Image"
      class="w-10 h-10 bg-contain bg-center rounded-full object-cover "
      data-nimg="1"
      decoding="async"
      height="32"
      loading="lazy"
      src="http://localhost/_next/image?url=%2Ffoo.png&w=64&q=75"
      srcset="/_next/image?url=%2Ffoo.png&w=32&q=75 1x, /_next/image?url=%2Ffoo.png&w=64&q=75 2x"
      style="color: transparent;"
      width="32"
    />
  </div>
</div>
`;

exports[`renders profile image unchanged 3`] = `
<div>
  <div
    class="relative flex-shrink-0 w-10 h-10 foo bar "
  >
    <img
      alt="Profile Image"
      class="w-10 h-10 bg-contain bg-center rounded-full object-cover "
      data-nimg="1"
      decoding="async"
      height="32"
      loading="lazy"
      src="http://localhost/_next/image?url=%2Ffoo.png&w=64&q=75"
      srcset="/_next/image?url=%2Ffoo.png&w=32&q=75 1x, /_next/image?url=%2Ffoo.png&w=64&q=75 2x"
      style="color: transparent;"
      width="32"
    />
  </div>
</div>
`;
